
Loading model... 


▄▄ ▄▄
██ ██
██ ██  ▀▀█▄ ███▄███▄  ▀▀█▄    ▄████ ████▄ ████▄
██ ██ ▄█▀██ ██ ██ ██ ▄█▀██    ██    ██ ██ ██ ██
██ ██ ▀█▄██ ██ ██ ██ ▀█▄██ ██ ▀████ ████▀ ████▀
                                    ██    ██
                                    ▀▀    ▀▀

build      : b1-390c307
model      : tbc_output\nanodex-tbc-i2s.gguf
ftype      : all F32
modalities : text

available commands:
  /exit or Ctrl+C     stop or exit
  /regen              regenerate the last response
  /clear              clear the chat history
  /read <file>        add a text file
  /glob <pattern>     add text files using globbing pattern


> " Hello I am"

mentmentmentmentmentmentmentmentmentmentmentmentmentmentmentmentmentmentmentmentmentmentmentmentmentmentmentmentmentmentmentmentmentmentmentmentmentmentmentmentmentmentmentmentmentmentmentmentmentment

[ Prompt: 11979.8 t/s | Generation: 1064.4 t/s ]

> 

> [0m


Exiting...
¿Desea terminar el trabajo por lotes (S/N)? 
CLI_RC=130
