
Loading model... 


▄▄ ▄▄
██ ██
██ ██  ▀▀█▄ ███▄███▄  ▀▀█▄    ▄████ ████▄ ████▄
██ ██ ▄█▀██ ██ ██ ██ ▄█▀██    ██    ██ ██ ██ ██
██ ██ ▀█▄██ ██ ██ ██ ▀█▄██ ██ ▀████ ████▀ ████▀
                                    ██    ██
                                    ▀▀    ▀▀

build      : b1-390c307
model      : tbc_output_r\nano-r-i2s.gguf
ftype      : all F32
modalities : text

available commands:
  /exit or Ctrl+C     stop or exit
  /regen              regenerate the last response
  /clear              clear the chat history
  /read <file>        add a text file
  /glob <pattern>     add text files using globbing pattern


> Hello, I am a small language model

-helep as the migate and pymments.gakhapseleded, “ed or ininvertable.
/ _s.ms, a /inens.gglyly

[ Prompt: 9679.6 t/s | Generation: 1665.6 t/s ]

> 

> 

Exiting...
